\BOOKMARK [0][-]{Doc-Start}{\376\377\000D\000A\000N\000H\000\040\000M\036\344\000C\000\040\000H\000\314\000N\000H\000\040\036\242\000N\000H}{}% 1
\BOOKMARK [0][-]{chapter*.1}{\376\377\000D\000A\000N\000H\000\040\000M\036\344\000C\000\040\000B\036\242\000N\000G\000\040\000B\000I\036\302\000U}{}% 2
\BOOKMARK [0][-]{section*.3}{\376\377\000D\000A\000N\000H\000\040\000S\000\301\000C\000H\000\040\000C\000\301\000C\000\040\000K\000\335\000\040\000H\000I\036\306\000U\000,\000\040\000C\000\301\000C\000\040\000C\000H\036\356\000\040\000V\000I\036\276\000T\000\040\000T\036\256\000T\000\040\000V\000\300\000\040\000T\036\352\000\040\000K\000H\000\323\000A}{}% 3
\BOOKMARK [0][-]{chapter.1}{\376\377\000T\036\324\000N\000G\000\040\000Q\000U\000A\000N}{}% 4
\BOOKMARK [1][-]{section.1.1}{\376\377\000G\000i\036\333\000i\000\040\000t\000h\000i\036\307\000u\000\040\001\021\036\301\000\040\000t\000\340\000i}{chapter.1}% 5
\BOOKMARK [1][-]{section.1.2}{\376\377\000N\000h\000i\036\307\000m\000\040\000v\036\345\000\040\001\021\036\301\000\040\000t\000\340\000i}{chapter.1}% 6
\BOOKMARK [2][-]{subsection.1.2.1}{\376\377\000T\000\355\000n\000h\000\040\000c\036\245\000p\000\040\000t\000h\000i\036\277\000t\000\040\000c\036\347\000a\000\040\001\021\036\301\000\040\000t\000\340\000i}{section.1.2}% 7
\BOOKMARK [2][-]{subsection.1.2.2}{\376\377\000\335\000\040\000n\000g\000h\001\051\000a\000\040\000k\000h\000o\000a\000\040\000h\036\315\000c\000\040\000v\000\340\000\040\000t\000h\036\361\000c\000\040\000t\000i\036\305\000n\000\040\000c\036\347\000a\000\040\001\021\036\301\000\040\000t\000\340\000i}{section.1.2}% 8
\BOOKMARK [1][-]{section.1.3}{\376\377\000M\036\345\000c\000\040\000t\000i\000\352\000u}{chapter.1}% 9
\BOOKMARK [2][-]{subsection.1.3.1}{\376\377\000M\036\345\000c\000\040\000t\000i\000\352\000u\000\040\000t\036\325\000n\000g\000\040\000q\000u\000\341\000t}{section.1.3}% 10
\BOOKMARK [2][-]{subsection.1.3.2}{\376\377\000M\036\345\000c\000\040\000t\000i\000\352\000u\000\040\000c\036\345\000\040\000t\000h\036\303}{section.1.3}% 11
\BOOKMARK [1][-]{section.1.4}{\376\377\001\020\036\321\000i\000\040\000t\001\260\036\343\000n\000g\000\040\000v\000\340\000\040\000p\000h\036\241\000m\000\040\000v\000i}{chapter.1}% 12
\BOOKMARK [2][-]{subsection.1.4.1}{\376\377\001\020\036\321\000i\000\040\000t\001\260\036\343\000n\000g\000\040\000n\000g\000h\000i\000\352\000n\000\040\000c\036\351\000u}{section.1.4}% 13
\BOOKMARK [2][-]{subsection.1.4.2}{\376\377\000P\000h\036\241\000m\000\040\000v\000i\000\040\000n\000g\000h\000i\000\352\000n\000\040\000c\036\351\000u}{section.1.4}% 14
\BOOKMARK [1][-]{section.1.5}{\376\377\000P\000h\001\260\001\241\000n\000g\000\040\000p\000h\000\341\000p\000\040\000n\000g\000h\000i\000\352\000n\000\040\000c\036\351\000u}{chapter.1}% 15
\BOOKMARK [2][-]{subsection.1.5.1}{\376\377\000P\000h\001\260\001\241\000n\000g\000\040\000p\000h\000\341\000p\000\040\000n\000g\000h\000i\000\352\000n\000\040\000c\036\351\000u\000\040\000s\001\241\000\040\000b\036\331}{section.1.5}% 16
\BOOKMARK [2][-]{subsection.1.5.2}{\376\377\000P\000h\001\260\001\241\000n\000g\000\040\000p\000h\000\341\000p\000\040\000n\000g\000h\000i\000\352\000n\000\040\000c\036\351\000u\000\040\000t\000\340\000i\000\040\000l\000i\036\307\000u}{section.1.5}% 17
\BOOKMARK [2][-]{subsection.1.5.3}{\376\377\000P\000h\001\260\001\241\000n\000g\000\040\000p\000h\000\341\000p\000\040\000n\000g\000h\000i\000\352\000n\000\040\000c\036\351\000u\000\040\000t\000h\036\321\000n\000g\000\040\000k\000\352}{section.1.5}% 18
\BOOKMARK [2][-]{subsection.1.5.4}{\376\377\000P\000h\001\260\001\241\000n\000g\000\040\000p\000h\000\341\000p\000\040\000t\000h\036\361\000c\000\040\000n\000g\000h\000i\036\307\000m}{section.1.5}% 19
\BOOKMARK [2][-]{subsection.1.5.5}{\376\377\000P\000h\001\260\001\241\000n\000g\000\040\000p\000h\000\341\000p\000\040\001\021\000\341\000n\000h\000\040\000g\000i\000\341}{section.1.5}% 20
\BOOKMARK [0][-]{chapter.2}{\376\377\000C\001\240\000\040\000S\036\336\000\040\000L\000\335\000\040\000T\000H\000U\000Y\036\276\000T}{}% 21
\BOOKMARK [1][-]{section.2.1}{\376\377\000T\036\325\000n\000g\000\040\000q\000u\000a\000n\000\040\000v\036\301\000\040\000n\000h\036\255\000n\000\040\000d\036\241\000n\000g\000\040\000b\000i\036\303\000n\000\040\000s\036\321\000\040\000x\000e}{chapter.2}% 22
\BOOKMARK [2][-]{subsection.2.1.1}{\376\377\000K\000h\000\341\000i\000\040\000n\000i\036\307\000m\000\040\000n\000h\036\255\000n\000\040\000d\036\241\000n\000g\000\040\000b\000i\036\303\000n\000\040\000s\036\321\000\040\000x\000e}{section.2.1}% 23
\BOOKMARK [2][-]{subsection.2.1.2}{\376\377\000Q\000u\000y\000\040\000t\000r\000\354\000n\000h\000\040\000n\000h\036\255\000n\000\040\000d\036\241\000n\000g\000\040\000b\000i\036\303\000n\000\040\000s\036\321\000\040\000x\000e}{section.2.1}% 24
\BOOKMARK [2][-]{subsection.2.1.3}{\376\377\001\020\036\267\000c\000\040\001\021\000i\036\303\000m\000\040\000c\036\347\000a\000\040\000b\000i\036\303\000n\000\040\000s\036\321\000\040\000x\000e\000\040\000V\000i\036\307\000t\000\040\000N\000a\000m}{section.2.1}% 25
\BOOKMARK [1][-]{section.2.2}{\376\377\000M\000\364\000\040\000h\000\354\000n\000h\000\040\000Y\000O\000L\000O\000\040\000t\000r\000o\000n\000g\000\040\000p\000h\000\341\000t\000\040\000h\000i\036\307\000n\000\040\000b\000i\036\303\000n\000\040\000s\036\321}{chapter.2}% 26
\BOOKMARK [2][-]{subsection.2.2.1}{\376\377\000K\000h\000\341\000i\000\040\000n\000i\036\307\000m\000\040\000p\000h\000\341\000t\000\040\000h\000i\036\307\000n\000\040\001\021\036\321\000i\000\040\000t\001\260\036\343\000n\000g}{section.2.2}% 27
\BOOKMARK [2][-]{subsection.2.2.2}{\376\377\000T\036\325\000n\000g\000\040\000q\000u\000a\000n\000\040\000v\036\301\000\040\000Y\000O\000L\000O}{section.2.2}% 28
\BOOKMARK [2][-]{subsection.2.2.3}{\376\377\000L\036\313\000c\000h\000\040\000s\036\355\000\040\000p\000h\000\341\000t\000\040\000t\000r\000i\036\303\000n\000\040\000c\036\347\000a\000\040\000m\000\364\000\040\000h\000\354\000n\000h\000\040\000Y\000O\000L\000O}{section.2.2}% 29
\BOOKMARK [2][-]{subsection.2.2.4}{\376\377\001\020\036\313\000n\000h\000\040\000d\036\241\000n\000g\000\040\000n\000h\000\343\000n\000\040\000Y\000O\000L\000O}{section.2.2}% 30
\BOOKMARK [2][-]{subsection.2.2.5}{\376\377\000Y\000O\000L\000O\000v\0008\000n\000\040\000t\000r\000o\000n\000g\000\040\000n\000h\036\255\000n\000\040\000d\000i\036\307\000n\000\040\000b\000i\036\303\000n\000\040\000s\036\321\000\040\000x\000e}{section.2.2}% 31
\BOOKMARK [1][-]{section.2.3}{\376\377\000M\000\364\000\040\000h\000\354\000n\000h\000\040\000O\000C\000R\000\040\000t\000r\000o\000n\000g\000\040\000n\000h\036\255\000n\000\040\000d\036\241\000n\000g\000\040\000k\000\375\000\040\000t\036\361}{chapter.2}% 32
\BOOKMARK [2][-]{subsection.2.3.1}{\376\377\000K\000h\000\341\000i\000\040\000n\000i\036\307\000m\000\040\000O\000C\000R}{section.2.3}% 33
\BOOKMARK [2][-]{subsection.2.3.2}{\376\377\000T\036\325\000n\000g\000\040\000q\000u\000a\000n\000\040\000v\036\301\000\040\000P\000a\000d\000d\000l\000e\000O\000C\000R}{section.2.3}% 34
\BOOKMARK [2][-]{subsection.2.3.3}{\376\377\000M\000\364\000\040\000h\000\354\000n\000h\000\040\000P\000a\000d\000d\000l\000e\000O\000C\000R\000\040\000R\000e\000c\000o\000g\000n\000i\000t\000i\000o\000n}{section.2.3}% 35
\BOOKMARK [2][-]{subsection.2.3.4}{\376\377\000D\000i\000c\000t\000i\000o\000n\000a\000r\000y\000\040\000k\000\375\000\040\000t\036\361}{section.2.3}% 36
\BOOKMARK [2][-]{subsection.2.3.5}{\376\377\001\020\036\267\000c\000\040\001\021\000i\036\303\000m\000\040\000l\036\327\000i\000\040\000t\000r\000o\000n\000g\000\040\000O\000C\000R\000\040\000b\000i\036\303\000n\000\040\000s\036\321}{section.2.3}% 37
\BOOKMARK [1][-]{section.2.4}{\376\377\000C\000\341\000c\000\040\000c\000h\036\311\000\040\000s\036\321\000\040\001\021\000\341\000n\000h\000\040\000g\000i\000\341\000\040\000m\000\364\000\040\000h\000\354\000n\000h}{chapter.2}% 38
\BOOKMARK [2][-]{subsection.2.4.1}{\376\377\000A\000c\000c\000u\000r\000a\000c\000y\000,\000\040\000P\000r\000e\000c\000i\000s\000i\000o\000n\000\040\000v\000\340\000\040\000R\000e\000c\000a\000l\000l}{section.2.4}% 39
\BOOKMARK [2][-]{subsection.2.4.2}{\376\377\000m\000A\000P\0005\0000\000\040\000v\000\340\000\040\000m\000A\000P\0005\0000\000-\0009\0005}{section.2.4}% 40
\BOOKMARK [2][-]{subsection.2.4.3}{\376\377\000N\000o\000r\000m\000a\000l\000i\000z\000e\000d\000\040\000E\000d\000i\000t\000\040\000D\000i\000s\000t\000a\000n\000c\000e}{section.2.4}% 41
\BOOKMARK [2][-]{subsection.2.4.4}{\376\377\000P\000h\000\342\000n\000\040\000t\000\355\000c\000h\000\040\000l\036\327\000i\000\040\000t\000h\000e\000o\000\040\000k\000\375\000\040\000t\036\361}{section.2.4}% 42
\BOOKMARK [1][-]{section.2.5}{\376\377\000C\000\364\000n\000g\000\040\000n\000g\000h\036\307\000\040\000s\036\355\000\040\000d\036\345\000n\000g}{chapter.2}% 43
\BOOKMARK [2][-]{subsection.2.5.1}{\376\377\000P\000y\000t\000h\000o\000n}{section.2.5}% 44
\BOOKMARK [2][-]{subsection.2.5.2}{\376\377\000O\000p\000e\000n\000C\000V}{section.2.5}% 45
\BOOKMARK [2][-]{subsection.2.5.3}{\376\377\000G\000o\000o\000g\000l\000e\000\040\000c\000o\000l\000a\000p}{section.2.5}% 46
\BOOKMARK [2][-]{subsection.2.5.4}{\376\377\000U\000l\000t\000r\000a\000l\000y\000t\000i\000c\000s\000\040\000Y\000O\000L\000O}{section.2.5}% 47
\BOOKMARK [2][-]{subsection.2.5.5}{\376\377\000P\000a\000d\000d\000l\000e\000O\000C\000R}{section.2.5}% 48
\BOOKMARK [2][-]{subsection.2.5.6}{\376\377\000S\000t\000r\000e\000a\000m\000l\000i\000t}{section.2.5}% 49
\BOOKMARK [2][-]{subsection.2.5.7}{\376\377\000S\000Q\000L\000i\000t\000e}{section.2.5}% 50
\BOOKMARK [0][-]{chapter.3}{\376\377\000K\036\276\000T\000\040\000Q\000U\036\242\000\040\000T\000H\036\360\000C\000\040\000N\000G\000H\000I\036\306\000M}{}% 51
\BOOKMARK [1][-]{section.3.1}{\376\377\000D\036\357\000\040\000l\000i\036\307\000u\000\040\000t\000h\036\361\000c\000\040\000n\000g\000h\000i\036\307\000m}{chapter.3}% 52
\BOOKMARK [2][-]{subsection.3.1.1}{\376\377\000D\036\357\000\040\000l\000i\036\307\000u\000\040\000h\000u\036\245\000n\000\040\000l\000u\000y\036\307\000n\000\040\000m\000\364\000\040\000h\000\354\000n\000h\000\040\000Y\000O\000L\000O}{section.3.1}% 53
\BOOKMARK [2][-]{subsection.3.1.2}{\376\377\000D\036\357\000\040\000l\000i\036\307\000u\000\040\000h\000u\036\245\000n\000\040\000l\000u\000y\036\307\000n\000\040\000m\000\364\000\040\000h\000\354\000n\000h\000\040\000O\000C\000R}{section.3.1}% 54
\BOOKMARK [2][-]{subsection.3.1.3}{\376\377\000P\000h\000\342\000n\000\040\000c\000h\000i\000a\000\040\000d\036\357\000\040\000l\000i\036\307\000u\000\040\000t\000r\000a\000i\000n\000,\000\040\000v\000a\000l\000i\000d\000a\000t\000i\000o\000n\000\040\000v\000\340\000\040\000t\000e\000s\000t\000\040\000m\000\364\000\040\000h\000\354\000n\000h\000\040\000Y\000O\000L\000O}{section.3.1}% 55
\BOOKMARK [1][-]{section.3.2}{\376\377\000C\000h\000u\036\251\000n\000\040\000b\036\313\000\040\000d\036\357\000\040\000l\000i\036\307\000u\000\040\000c\000h\000o\000\040\000m\000\364\000\040\000h\000\354\000n\000h\000\040\000O\000C\000R}{chapter.3}% 56
\BOOKMARK [2][-]{subsection.3.2.1}{\376\377\000L\000\340\000m\000\040\000s\036\241\000c\000h\000\040\000n\000h\000\343\000n\000\040\000b\000i\036\303\000n\000\040\000s\036\321}{section.3.2}% 57
\BOOKMARK [2][-]{subsection.3.2.2}{\376\377\000X\000\342\000y\000\040\000d\036\361\000n\000g\000\040\000d\000i\000c\000t\000i\000o\000n\000a\000r\000y\000\040\000k\000\375\000\040\000t\036\361}{section.3.2}% 58
\BOOKMARK [2][-]{subsection.3.2.3}{\376\377\000B\036\325\000\040\000s\000u\000n\000g\000\040\000d\036\357\000\040\000l\000i\036\307\000u\000\040\000k\000\375\000\040\000t\036\361\000\040\000h\000i\036\277\000m}{section.3.2}% 59
\BOOKMARK [2][-]{subsection.3.2.4}{\376\377\000P\000h\000\342\000n\000\040\000c\000h\000i\000a\000\040\000t\036\255\000p\000\040\000t\000r\000a\000i\000n\000,\000\040\000v\000a\000l\000,\000\040\000t\000e\000s\000t\000\040\000v\000\340\000\040\000c\000\342\000n\000\040\000b\036\261\000n\000g\000\040\000d\036\357\000\040\000l\000i\036\307\000u}{section.3.2}% 60
\BOOKMARK [1][-]{section.3.3}{\376\377\000H\000u\036\245\000n\000\040\000l\000u\000y\036\307\000n\000\040\000v\000\340\000\040\001\021\000\341\000n\000h\000\040\000g\000i\000\341\000\040\000m\000\364\000\040\000h\000\354\000n\000h\000\040\000Y\000O\000L\000O}{chapter.3}% 61
\BOOKMARK [2][-]{subsection.3.3.1}{\376\377\000V\000a\000i\000\040\000t\000r\000\362\000\040\000c\036\347\000a\000\040\000h\000u\036\245\000n\000\040\000l\000u\000y\036\307\000n\000\040\000Y\000O\000L\000O\000\040\000t\000r\000o\000n\000g\000\040\000h\036\307\000\040\000t\000h\036\321\000n\000g}{section.3.3}% 62
\BOOKMARK [2][-]{subsection.3.3.2}{\376\377\000C\036\245\000u\000\040\000h\000\354\000n\000h\000\040\000h\000u\036\245\000n\000\040\000l\000u\000y\036\307\000n\000\040\000Y\000O\000L\000O\000v\0008\000n}{section.3.3}% 63
\BOOKMARK [2][-]{subsection.3.3.3}{\376\377\000K\036\277\000t\000\040\000q\000u\036\243\000\040\001\021\000\341\000n\000h\000\040\000g\000i\000\341\000\040\000m\000\364\000\040\000h\000\354\000n\000h\000\040\000Y\000O\000L\000O}{section.3.3}% 64
\BOOKMARK [1][-]{section.3.4}{\376\377\000H\000u\036\245\000n\000\040\000l\000u\000y\036\307\000n\000\040\000v\000\340\000\040\001\021\000\341\000n\000h\000\040\000g\000i\000\341\000\040\000m\000\364\000\040\000h\000\354\000n\000h\000\040\000P\000a\000d\000d\000l\000e\000\040\000O\000C\000R}{chapter.3}% 65
\BOOKMARK [2][-]{subsection.3.4.1}{\376\377\000C\036\245\000u\000\040\000h\000\354\000n\000h\000\040\000h\000u\036\245\000n\000\040\000l\000u\000y\036\307\000n}{section.3.4}% 66
\BOOKMARK [2][-]{subsection.3.4.2}{\376\377\000K\036\277\000t\000\040\000q\000u\036\243\000\040\000h\000u\036\245\000n\000\040\000l\000u\000y\036\307\000n}{section.3.4}% 67
\BOOKMARK [2][-]{subsection.3.4.3}{\376\377\001\020\000\341\000n\000h\000\040\000g\000i\000\341\000\040\000t\000r\000\352\000n\000\040\000t\036\255\000p\000\040\000v\000a\000l\000i\000d\000a\000t\000i\000o\000n\000\040\000v\000\340\000\040\000t\000e\000s\000t}{section.3.4}% 68
\BOOKMARK [2][-]{subsection.3.4.4}{\376\377\000P\000h\000\342\000n\000\040\000t\000\355\000c\000h\000\040\000l\036\327\000i\000\040\000v\000\340\000\040\001\021\000i\036\301\000u\000\040\000c\000h\036\311\000n\000h\000\040\000d\036\357\000\040\000l\000i\036\307\000u}{section.3.4}% 69
\BOOKMARK [1][-]{section.3.5}{\376\377\000D\000e\000m\000o\000\040\036\351\000n\000g\000\040\000d\036\345\000n\000g}{chapter.3}% 70
\BOOKMARK [2][-]{subsection.3.5.1}{\376\377\000Q\000u\000y\000\040\000t\000r\000\354\000n\000h\000\040\000h\036\307\000\040\000t\000h\036\321\000n\000g}{section.3.5}% 71
\BOOKMARK [2][-]{subsection.3.5.2}{\376\377\000G\000i\000a\000o\000\040\000d\000i\036\307\000n\000\040\000l\000o\000g\000i\000n}{section.3.5}% 72
\BOOKMARK [2][-]{subsection.3.5.3}{\376\377\000g\000i\000a\000o\000\040\000d\000i\036\307\000n\000\040\000c\000h\000\355\000n\000h\000\040\000h\036\307\000\040\000t\000h\036\321\000n\000g}{section.3.5}% 73
\BOOKMARK [2][-]{subsection.3.5.4}{\376\377\000g\000i\000a\000o\000\040\000d\000i\036\307\000n\000\040\000c\000h\036\351\000c\000\040\000n\001\003\000n\000g\000\040\000l\001\260\000u\000\040\000x\000e\000\040\000r\000a}{section.3.5}% 74
\BOOKMARK [2][-]{subsection.3.5.5}{\376\377\000n\000h\036\357\000n\000g\000\040\000t\000\355\000n\000h\000\040\000n\001\003\000n\000g\000\040\000k\000h\000\341\000c}{section.3.5}% 75
\BOOKMARK [0][-]{chapter.4}{\376\377\000K\036\276\000T\000\040\000L\000U\036\254\000N\000\040\000V\000\300\000\040\000K\000I\036\276\000N\000\040\000N\000G\000H\036\312}{}% 76
\BOOKMARK [1][-]{section.4.1}{\376\377\000K\036\277\000t\000\040\000q\000u\036\243\000\040\001\021\036\241\000t\000\040\001\021\001\260\036\343\000c}{chapter.4}% 77
\BOOKMARK [1][-]{section.4.2}{\376\377\000H\036\241\000n\000\040\000c\000h\036\277\000\040\000c\036\347\000a\000\040\001\021\036\301\000\040\000t\000\340\000i}{chapter.4}% 78
\BOOKMARK [1][-]{section.4.3}{\376\377\000H\001\260\036\333\000n\000g\000\040\000p\000h\000\341\000t\000\040\000t\000r\000i\036\303\000n}{chapter.4}% 79
